const TaxRate = 0.2

table Sales

Month | Closed           | Revenue | Cost | Profit | Tax  | Margin   | Growth
------|------------------|---------|------|--------|------|----------|-------
Jan   | 2025-02-03T17:30 |   10000 | 6000 |   4000 |  800 |      0.4 |
Feb   | 2025-03-04T12:00 |   12000 | 7000 |   5000 | 1000 | 0.41667… |    0.2
Mar   | 2025-04-02T09:45 |   13200 | 7500 |   5700 | 1140 | 0.43182… |    0.1

table Summary

Item           | Value
---------------|-----------------
Revenue        | 35200
Profit         | 14700
Best month     | Mar
Average margin | 0.41616…
Books closed   | 2025-04-02T09:45
