const TaxRate = 20%

table Sales

Month | Closed           | Revenue | Cost | Profit | Tax  | Margin  | Growth
------|------------------|---------|------|--------|------|---------|-------
Jan   | 2025-02-03T17:30 |   10000 | 6000 |   4000 |  800 |     40% |
Feb   | 2025-03-04T12:00 |   12000 | 7000 |   5000 | 1000 | 41.67…% |    20%
Mar   | 2025-04-02T09:45 |   13200 | 7500 |   5700 | 1140 | 43.18…% |    10%

table Summary

Item           | Value
---------------|-----------------
Revenue        | 35200
Profit         | 14700
Best month     | Mar
Average margin | 41.62…%
Books closed   | 2025-04-02T09:45
