table Customers

ID | Name      | Region
---|-----------|-------
 1 | Ada Ltd   | UK
 2 | Grace Inc | US
 3 | Linus Oy  | FI

table Orders

CustomerID | Qty | Price | Customer  | Region | Total | Discount
-----------|-----|-------|-----------|--------|-------|---------
         2 |   3 | 19.99 | Grace Inc | US     | 59.97 |    5.997
         1 |  10 |   4.5 | Ada Ltd   | UK     |    45 |        0
         9 |   1 |   100 | Unknown   | ?      |   100 |        0
         2 |   2 |  7.25 | Grace Inc | US     |  14.5 |        0

table ByRegion

Region | Count | Sales
-------|-------|------
UK     |     1 |    45
US     |     2 | 74.47
FI     |     0 |     0
