const Half = 50%
const Third = 1/3
const Root2 = 1.41421…
const Turn = 0+1i

table Numbers

Name  | Count                | Price | Share | Rate  | Reading  | Wave    | Checked
------|----------------------|-------|-------|-------|----------|---------|--------
seven |                    7 | 19.99 |   1/7 |   20% |      1.5 |    3+4i | true
cent  |                  100 | 0.125 |   2/3 | 12.5% |      100 |    0+2i | false
minus |                   -3 |  -4.5 | 19.99 |   -5% |  1.6e-19 | -1.5-2i | true
huge  | 10000000000000000000 |  1000 |     3 |   50% | 6.02e+23 |    1+0i | false

table Arithmetic

Name  | Square                                  | Inverse               | Whole | Taxed  | Split    | Raised | Part     | Scaled       | Root              | Size | Turned | Likely
------|-----------------------------------------|-----------------------|-------|--------|----------|--------|----------|--------------|-------------------|------|--------|-------
seven |                                      49 |                   1/7 |     1 | 23.988 | 1999/300 |    25% |    3.998 |     0.21429… |          1.22474… |    5 |  -4+3i | true
cent  |                                   10000 |                  0.01 |     1 |   0.15 |     1/24 |  17.5% | 0.015625 |    66.66667… |                10 |    2 |  -2+0i | false
minus |                                       9 |                  -1/3 |     1 |   -5.4 |     -1.5 |     0% |    0.225 | 3.19840…e-18 |             4e-10 |  2.5 | 2-1.5i | false
huge  | 100000000000000000000000000000000000000 | 0.0000000000000000001 |     1 |   1200 |   1000/3 |    55% |      500 |    1.806e+24 | 775886589650.8329 |    1 |   0+1i | false

table Converted

Value  | AsInt | Rounded | AsDecimal          | AsPercent | AsNum    | AsComplex   | AsBool | AsText | Back
-------|-------|---------|--------------------|-----------|----------|-------------|--------|--------|------
 19.99 |    19 |      20 |              19.99 |     1999% |    19.99 |    19.99+0i | true   | 19.99  | true
-19.99 |   -19 |     -20 |             -19.99 |    -1999% |   -19.99 |   -19.99+0i | true   | -19.99 | true
   1/3 |     0 |       0 | 0.3333333333333333 |   33.33…% | 0.33333… | 0.33333…+0i | true   | 1/3    | false
 0.125 |     0 |       0 |              0.125 |     12.5% |    0.125 |    0.125+0i | true   | 0.125  | true
   0.5 |     0 |       1 |                0.5 |       50% |      0.5 |      0.5+0i | true   | 0.5    | true
     0 |     0 |       0 |                  0 |        0% |        0 |        0+0i | false  | 0      | true

table Written

Text  | Number | Doubled | Whole | Decimal | Percent
------|--------|---------|-------|---------|--------
42    |     42 |      84 |    42 |      42 |   4200%
20%   |    0.2 |     0.4 |     0 |     0.2 |     20%
1/8   |  0.125 |    0.25 |     0 |   0.125 |   12.5%
1.5e3 |   1500 |    3000 |  1500 |    1500 | 150000%
